[ravansh.info/index.html]
[ravansh.info/r]
[backblue.gif]
[fade.gif]
[index.html]
[ravansh.info/feed/index.html]
[ravansh.info/Firefox/index.html]
[ravansh.info/wp-content/cache/min/1/wp-content/plugins/iws-geo-form-fields/public/assets/iws-geo-form-fields82da.css]
[ravansh.info/comments/feed/index.html]
[ravansh.info/wp-content/themes/hello-elementor/style.min6e0e.css]
[ravansh.info/wp-content/themes/hello-elementor/theme.min6e0e.css]
[ravansh.info/wp-content/themes/hello-elementor/header-footer.min6e0e.css]
[ravansh.info/wp-content/plugins/elementor/assets/css/frontend-lite.minf3b2.css]
[ravansh.info/wp-content/uploads/elementor/css/post-7a0b9.css]
[ravansh.info/wp-content/plugins/elementor/assets/css/modules/lazyload/frontend.minf3b2.css]
[ravansh.info/wp-content/cache/min/1/wp-content/plugins/elementor/assets/lib/swiper/v8/css/swiper.min82da.css]
[ravansh.info/wp-content/plugins/elementor-pro/assets/css/frontend-lite.minaad7.css]
[ravansh.info/wp-content/uploads/elementor/css/post-14bb62.css]
[ravansh.info/wp-content/uploads/elementor/css/post-28a0b9.css]
[ravansh.info/wp-content/uploads/elementor/css/post-5599bc.css]
[ravansh.info/wp-includes/js/jquery/jquery.minf43b.js]
[ravansh.info/wp-includes/js/jquery/jquery-migrate.min5589.js]
[ravansh.info/wp-json/wp/v2/pages/14.json]
[ravansh.info/wp-json/index.html]
[ravansh.info/xmlrpc0db0.php]
[ravansh.info/wp-json/oembed/1.0/embedb909.json]
[ravansh.info/wp-json/oembed/1.0/embed2edc]
[ravansh.info/wp-content/uploads/2024/01/ri-150x150.jpg]
[ravansh.info/wp-content/uploads/2024/01/ri.jpg]
[ravansh.info/wp-content/plugins/wp-rocket/assets/img/youtube.png]
[ravansh.info/wp-content/plugins/elementor-pro/assets/css/widget-nav-menu.min.css]
[ravansh.info/wp-content/uploads/2023/12/gem.png]
[ravansh.info/wp-content/uploads/2023/12/ravansh.svg]
[ravansh.info/about-us/index.html]
[ravansh.info/trading-sectors/index.html]
[ravansh.info/trading-sectors/precious-stones/index.html]
[ravansh.info/wp-content/plugins/elementor/assets/css/widget-icon-list.min.css]
[ravansh.info/contact-us/index.html]
[ravansh.info/trading-sectors/precious-metals/index.html]
[ravansh.info/open-an-account/index.html]
[ravansh.info/wp-content/plugins/elementor/assets/lib/animations/animations.minf3b2.css]
[ravansh.info/wp-admin/admin-ajax.php]
[ravansh.info/wp-content/plugins/elementor-pro/assets/lib/smartmenus/jquery.smartmenus.minf269.js]
[ravansh.info/wp-content/plugins/elementor-pro/assets/lib/sticky/jquery.sticky.minaad7.js]
[ravansh.info/wp-content/plugins/wp-rocket/assets/js/lazyload/17.8.3/lazyload.min.js]
[ravansh.info/index.html]
[ravansh.info/r.html]
[ravansh.info/Firefox/index.html]
[ravansh.info/wp-content/cache/min/1/wp-content/plugins/iws-geo-form-fields/public/assets/iws-geo-form-fields82da.css]
[ravansh.info/wp-content/themes/hello-elementor/style.min6e0e.css]
[ravansh.info/wp-content/themes/hello-elementor/theme.min6e0e.css]
[ravansh.info/wp-content/themes/hello-elementor/header-footer.min6e0e.css]
[ravansh.info/wp-content/plugins/elementor/assets/css/frontend-lite.minf3b2.css]
[ravansh.info/wp-content/uploads/elementor/css/post-7a0b9.css]
[ravansh.info/wp-content/plugins/elementor/assets/css/modules/lazyload/frontend.minf3b2.css]
[ravansh.info/wp-content/cache/min/1/wp-content/plugins/elementor/assets/lib/swiper/v8/css/swiper.min82da.css]
[ravansh.info/wp-content/plugins/elementor-pro/assets/css/frontend-lite.minaad7.css]
[ravansh.info/wp-content/uploads/2023/12/gettyimages-865943632.jpg]
[ravansh.info/wp-content/uploads/2023/12/3.webp]
[ravansh.info/wp-content/uploads/2023/12/2.webp]
[ravansh.info/wp-content/uploads/2023/12/1.webp]
[ravansh.info/wp-content/uploads/2023/12/diamond.webp]
[ravansh.info/wp-content/uploads/elementor/css/post-14bb62.css]
[ravansh.info/wp-content/uploads/elementor/css/post-28a0b9.css]
[ravansh.info/wp-content/uploads/elementor/css/post-5599bc.css]
[ravansh.info/wp-content/plugins/elementor-pro/assets/css/widget-nav-menu.min.css]
[ravansh.info/about-us/r]
[ravansh.info/wp-content/uploads/elementor/css/post-2056e4d.css]
[ravansh.info/about-us/Firefox/index.html]
[ravansh.info/wp-json/wp/v2/pages/205.json]
[ravansh.info/wp-json/oembed/1.0/embed93ef.json]
[ravansh.info/wp-json/oembed/1.0/embed79dd]
[ravansh.info/about-us/index.html]
[ravansh.info/trading-sectors/r]
[ravansh.info/wp-includes/css/dist/block-library/style.min1e39.css]
[ravansh.info/wp-json/wp/v2/pages/26.json]
[ravansh.info/trading-sectors/Firefox/index.html]
[ravansh.info/wp-json/oembed/1.0/embed6d90.json]
[ravansh.info/wp-json/oembed/1.0/embed2b63]
[ravansh.info/trading-sectors/index.html]
[ravansh.info/trading-sectors/precious-metals/r]
[ravansh.info/wp-content/uploads/elementor/css/post-18683a.css]
[ravansh.info/trading-sectors/precious-metals/Firefox/index.html]
[ravansh.info/wp-json/wp/v2/pages/18.json]
[ravansh.info/wp-json/oembed/1.0/embedf21e.json]
[ravansh.info/wp-json/oembed/1.0/embedcda9]
[ravansh.info/trading-sectors/precious-metals/index.html]
[ravansh.info/trading-sectors/precious-stones/r]
[ravansh.info/wp-content/uploads/elementor/css/post-20d1e1.css]
[ravansh.info/trading-sectors/precious-stones/Firefox/index.html]
[ravansh.info/wp-json/wp/v2/pages/20.json]
[ravansh.info/wp-json/oembed/1.0/embedf36d.json]
[ravansh.info/wp-json/oembed/1.0/embed7768]
[ravansh.info/trading-sectors/precious-stones/index.html]
[ravansh.info/open-an-account/r]
[ravansh.info/wp-content/uploads/elementor/css/post-227184.css]
[ravansh.info/wp-json/wp/v2/pages/22.json]
[ravansh.info/open-an-account/Firefox/index.html]
[ravansh.info/wp-json/oembed/1.0/embedd497.json]
[ravansh.info/wp-json/oembed/1.0/embed9eb7]
[ravansh.info/wp-content/plugins/elementor/assets/lib/flatpickr/flatpickr.mineda1.css]
[ravansh.info/open-an-account/index.html]
[ravansh.info/contact-us/r]
[ravansh.info/wp-content/uploads/elementor/css/post-23501b9.css]
[ravansh.info/contact-us/Firefox/index.html]
[ravansh.info/wp-json/wp/v2/pages/235.json]
[ravansh.info/wp-json/oembed/1.0/embed5891.json]
[ravansh.info/wp-json/oembed/1.0/embedfc93]
[ravansh.info/contact-us/index.html]
[ravansh.info/wp-content/uploads/2023/12/ravansh.svg]
[ravansh.info/wp-content/plugins/elementor/assets/css/widget-icon-list.min.css]
[ravansh.info/wp-content/plugins/elementor/assets/lib/animations/animations.minf3b2.css]
[ravansh.info/wp-admin/admin-ajax.html]
[ravansh.info/about-us/r.html]
[ravansh.info/about-us/Firefox/index.html]
[ravansh.info/wp-content/uploads/2024/01/gold2.jpg]
[ravansh.info/wp-content/uploads/2024/01/logistics.jpg]
[ravansh.info/wp-content/uploads/elementor/css/post-2056e4d.css]
[ravansh.info/indexc140.html]
[ravansh.info/trading-sectors/r.html]
[ravansh.info/trading-sectors/Firefox/index.html]
[ravansh.info/wp-includes/css/dist/block-library/style.min1e39.css]
[ravansh.info/index88b9.html]
[ravansh.info/trading-sectors/precious-metals/r.html]
[ravansh.info/trading-sectors/precious-metals/Firefox/index.html]
[ravansh.info/wp-content/uploads/2023/12/GOLD-BARS.jpg]
[ravansh.info/wp-content/uploads/2024/01/gold3.jpg]
[ravansh.info/wp-content/uploads/2024/01/gold-coin.jpg]
[ravansh.info/wp-content/uploads/elementor/css/post-18683a.css]
[ravansh.info/index0735.html]
[ravansh.info/trading-sectors/precious-stones/r.html]
[ravansh.info/trading-sectors/precious-stones/Firefox/index.html]
[ravansh.info/wp-content/uploads/2024/01/d1.webp]
[ravansh.info/wp-content/uploads/elementor/css/post-20d1e1.css]
[ravansh.info/index341b.html]
[ravansh.info/open-an-account/r.html]
[ravansh.info/open-an-account/Firefox/index.html]
[ravansh.info/wp-content/uploads/elementor/css/post-227184.css]
[ravansh.info/index0345.html]
[ravansh.info/wp-content/plugins/elementor/assets/lib/flatpickr/flatpickr.mineda1.css]
[ravansh.info/contact-us/r.html]
[ravansh.info/contact-us/Firefox/index.html]
[ravansh.info/wp-content/uploads/elementor/css/post-23501b9.css]
[ravansh.info/index5f0f.html]
